2023-12-22 14:48:53,204 - INFO - Current time: Fri Dec 22 14:48:53 2023
2023-12-22 14:48:55,206 - INFO - Current time: Fri Dec 22 14:48:55 2023
2023-12-22 14:48:57,209 - INFO - Current time: Fri Dec 22 14:48:57 2023
2023-12-22 14:48:59,210 - INFO - Current time: Fri Dec 22 14:48:59 2023
2023-12-22 14:49:01,213 - INFO - Current time: Fri Dec 22 14:49:01 2023
2023-12-22 14:49:03,214 - INFO - Current time: Fri Dec 22 14:49:03 2023
2023-12-22 14:49:05,216 - INFO - Current time: Fri Dec 22 14:49:05 2023
2023-12-22 14:49:07,217 - INFO - Current time: Fri Dec 22 14:49:07 2023
2023-12-22 14:49:09,218 - INFO - Current time: Fri Dec 22 14:49:09 2023
2023-12-22 14:49:11,220 - INFO - Current time: Fri Dec 22 14:49:11 2023
2023-12-22 14:49:13,223 - INFO - Current time: Fri Dec 22 14:49:13 2023
2023-12-22 14:53:57,714 - INFO - Current time: Fri Dec 22 14:53:57 2023
2023-12-22 14:53:59,716 - INFO - Current time: Fri Dec 22 14:53:59 2023
2023-12-22 14:54:01,717 - INFO - Current time: Fri Dec 22 14:54:01 2023
2023-12-22 14:54:03,718 - INFO - Current time: Fri Dec 22 14:54:03 2023
2023-12-22 14:54:05,719 - INFO - Current time: Fri Dec 22 14:54:05 2023
2023-12-22 14:54:07,722 - INFO - Current time: Fri Dec 22 14:54:07 2023
2023-12-22 14:54:09,724 - INFO - Current time: Fri Dec 22 14:54:09 2023
2023-12-22 14:54:11,770 - INFO - Current time: Fri Dec 22 14:54:11 2023
2023-12-22 14:54:13,772 - INFO - Current time: Fri Dec 22 14:54:13 2023
2023-12-22 14:54:15,774 - INFO - Current time: Fri Dec 22 14:54:15 2023
2023-12-22 14:54:17,775 - INFO - Current time: Fri Dec 22 14:54:17 2023
2023-12-22 14:54:19,777 - INFO - Current time: Fri Dec 22 14:54:19 2023
2023-12-22 14:54:21,779 - INFO - Current time: Fri Dec 22 14:54:21 2023
2023-12-22 14:54:23,782 - INFO - Current time: Fri Dec 22 14:54:23 2023
2023-12-22 14:54:25,784 - INFO - Current time: Fri Dec 22 14:54:25 2023
2023-12-22 14:54:27,786 - INFO - Current time: Fri Dec 22 14:54:27 2023
2023-12-22 14:54:29,786 - INFO - Current time: Fri Dec 22 14:54:29 2023
2023-12-22 14:54:31,789 - INFO - Current time: Fri Dec 22 14:54:31 2023
2023-12-26 11:09:55,145 - INFO - Current time: Tue Dec 26 11:09:55 2023
2023-12-26 11:09:57,149 - INFO - Current time: Tue Dec 26 11:09:57 2023
2023-12-26 11:09:59,152 - INFO - Current time: Tue Dec 26 11:09:59 2023
2023-12-26 11:10:01,154 - INFO - Current time: Tue Dec 26 11:10:01 2023
2023-12-26 11:10:03,157 - INFO - Current time: Tue Dec 26 11:10:03 2023
2023-12-26 11:10:05,158 - INFO - Current time: Tue Dec 26 11:10:05 2023
2023-12-26 11:10:07,160 - INFO - Current time: Tue Dec 26 11:10:07 2023
2023-12-26 11:10:09,162 - INFO - Current time: Tue Dec 26 11:10:09 2023
2023-12-26 11:10:11,164 - INFO - Current time: Tue Dec 26 11:10:11 2023
2023-12-26 11:10:13,166 - INFO - Current time: Tue Dec 26 11:10:13 2023
2023-12-26 11:10:15,168 - INFO - Current time: Tue Dec 26 11:10:15 2023
2023-12-26 11:10:17,170 - INFO - Current time: Tue Dec 26 11:10:17 2023
2023-12-26 11:10:19,171 - INFO - Current time: Tue Dec 26 11:10:19 2023
2023-12-26 11:10:21,173 - INFO - Current time: Tue Dec 26 11:10:21 2023
2023-12-26 11:10:23,176 - INFO - Current time: Tue Dec 26 11:10:23 2023
2023-12-26 11:10:25,178 - INFO - Current time: Tue Dec 26 11:10:25 2023
2023-12-26 11:10:27,179 - INFO - Current time: Tue Dec 26 11:10:27 2023
2023-12-26 11:10:29,181 - INFO - Current time: Tue Dec 26 11:10:29 2023
2023-12-26 11:10:31,183 - INFO - Current time: Tue Dec 26 11:10:31 2023
2023-12-26 11:10:33,184 - INFO - Current time: Tue Dec 26 11:10:33 2023
2023-12-26 11:10:35,185 - INFO - Current time: Tue Dec 26 11:10:35 2023
2023-12-26 11:10:37,187 - INFO - Current time: Tue Dec 26 11:10:37 2023
2023-12-26 11:10:39,188 - INFO - Current time: Tue Dec 26 11:10:39 2023
2023-12-26 11:10:41,189 - INFO - Current time: Tue Dec 26 11:10:41 2023
2023-12-26 11:10:43,193 - INFO - Current time: Tue Dec 26 11:10:43 2023
2023-12-26 11:10:45,195 - INFO - Current time: Tue Dec 26 11:10:45 2023
2023-12-26 11:10:47,197 - INFO - Current time: Tue Dec 26 11:10:47 2023
2023-12-26 11:10:49,198 - INFO - Current time: Tue Dec 26 11:10:49 2023
2023-12-26 11:10:51,200 - INFO - Current time: Tue Dec 26 11:10:51 2023
2023-12-26 11:10:53,201 - INFO - Current time: Tue Dec 26 11:10:53 2023
2023-12-26 11:10:55,203 - INFO - Current time: Tue Dec 26 11:10:55 2023
2023-12-26 11:10:57,204 - INFO - Current time: Tue Dec 26 11:10:57 2023
2023-12-26 11:10:59,206 - INFO - Current time: Tue Dec 26 11:10:59 2023
2023-12-26 11:11:01,208 - INFO - Current time: Tue Dec 26 11:11:01 2023
2023-12-26 11:11:03,209 - INFO - Current time: Tue Dec 26 11:11:03 2023
2023-12-26 11:11:05,210 - INFO - Current time: Tue Dec 26 11:11:05 2023
2023-12-26 11:11:07,212 - INFO - Current time: Tue Dec 26 11:11:07 2023
2023-12-26 11:11:09,214 - INFO - Current time: Tue Dec 26 11:11:09 2023
2023-12-26 11:11:11,216 - INFO - Current time: Tue Dec 26 11:11:11 2023
2023-12-26 11:11:13,219 - INFO - Current time: Tue Dec 26 11:11:13 2023
2023-12-26 11:11:15,221 - INFO - Current time: Tue Dec 26 11:11:15 2023
2023-12-26 11:11:17,223 - INFO - Current time: Tue Dec 26 11:11:17 2023
2023-12-26 11:11:19,225 - INFO - Current time: Tue Dec 26 11:11:19 2023
2023-12-26 11:11:21,227 - INFO - Current time: Tue Dec 26 11:11:21 2023
2023-12-26 11:11:23,228 - INFO - Current time: Tue Dec 26 11:11:23 2023
2023-12-26 11:11:25,230 - INFO - Current time: Tue Dec 26 11:11:25 2023
2023-12-26 11:11:27,232 - INFO - Current time: Tue Dec 26 11:11:27 2023
2023-12-26 11:11:29,234 - INFO - Current time: Tue Dec 26 11:11:29 2023
2023-12-26 11:11:31,236 - INFO - Current time: Tue Dec 26 11:11:31 2023
2023-12-26 11:11:33,238 - INFO - Current time: Tue Dec 26 11:11:33 2023
2023-12-26 11:11:35,239 - INFO - Current time: Tue Dec 26 11:11:35 2023
2023-12-26 11:11:37,240 - INFO - Current time: Tue Dec 26 11:11:37 2023
2023-12-26 11:11:39,242 - INFO - Current time: Tue Dec 26 11:11:39 2023
2023-12-26 11:11:41,244 - INFO - Current time: Tue Dec 26 11:11:41 2023
2023-12-26 11:11:43,246 - INFO - Current time: Tue Dec 26 11:11:43 2023
2023-12-26 11:11:45,251 - INFO - Current time: Tue Dec 26 11:11:45 2023
2023-12-26 11:11:47,252 - INFO - Current time: Tue Dec 26 11:11:47 2023
2023-12-26 11:11:49,255 - INFO - Current time: Tue Dec 26 11:11:49 2023
2023-12-26 11:11:51,256 - INFO - Current time: Tue Dec 26 11:11:51 2023
2023-12-26 11:11:53,257 - INFO - Current time: Tue Dec 26 11:11:53 2023
2023-12-26 11:11:55,259 - INFO - Current time: Tue Dec 26 11:11:55 2023
2023-12-26 11:11:57,260 - INFO - Current time: Tue Dec 26 11:11:57 2023
2023-12-26 11:11:59,263 - INFO - Current time: Tue Dec 26 11:11:59 2023
2023-12-26 11:12:01,265 - INFO - Current time: Tue Dec 26 11:12:01 2023
2023-12-26 11:13:25,177 - INFO - Current time: Tue Dec 26 11:13:25 2023
2023-12-26 11:13:27,180 - INFO - Current time: Tue Dec 26 11:13:27 2023
2023-12-26 11:13:54,492 - INFO - Current time: Tue Dec 26 11:13:54 2023
2023-12-26 11:14:15,455 - INFO - Current time: Tue Dec 26 11:14:15 2023
2023-12-26 11:14:17,458 - INFO - Current time: Tue Dec 26 11:14:17 2023
2023-12-26 11:14:19,460 - INFO - Current time: Tue Dec 26 11:14:19 2023
2023-12-26 11:14:21,461 - INFO - Current time: Tue Dec 26 11:14:21 2023
2023-12-26 11:14:23,464 - INFO - Current time: Tue Dec 26 11:14:23 2023
2023-12-26 12:10:24,192 - INFO - Current time: Tue Dec 26 12:10:24 2023
2023-12-26 12:10:26,195 - INFO - Current time: Tue Dec 26 12:10:26 2023
2023-12-26 12:10:28,196 - INFO - Current time: Tue Dec 26 12:10:28 2023
2023-12-26 12:10:30,198 - INFO - Current time: Tue Dec 26 12:10:30 2023
2023-12-26 12:10:32,199 - INFO - Current time: Tue Dec 26 12:10:32 2023
2023-12-26 12:10:34,201 - INFO - Current time: Tue Dec 26 12:10:34 2023
2023-12-26 12:10:36,202 - INFO - Current time: Tue Dec 26 12:10:36 2023
2023-12-26 12:10:38,204 - INFO - Current time: Tue Dec 26 12:10:38 2023
2023-12-26 12:10:40,206 - INFO - Current time: Tue Dec 26 12:10:40 2023
2023-12-26 12:10:42,208 - INFO - Current time: Tue Dec 26 12:10:42 2023
2023-12-26 12:10:44,210 - INFO - Current time: Tue Dec 26 12:10:44 2023
2023-12-26 12:10:46,211 - INFO - Current time: Tue Dec 26 12:10:46 2023
2023-12-26 12:10:48,213 - INFO - Current time: Tue Dec 26 12:10:48 2023
2023-12-26 12:10:50,227 - INFO - Current time: Tue Dec 26 12:10:50 2023
2023-12-26 12:10:52,229 - INFO - Current time: Tue Dec 26 12:10:52 2023
2023-12-26 12:10:54,230 - INFO - Current time: Tue Dec 26 12:10:54 2023
2023-12-26 12:10:56,232 - INFO - Current time: Tue Dec 26 12:10:56 2023
2023-12-26 12:10:58,234 - INFO - Current time: Tue Dec 26 12:10:58 2023
2023-12-26 12:11:00,236 - INFO - Current time: Tue Dec 26 12:11:00 2023
2023-12-26 12:11:02,238 - INFO - Current time: Tue Dec 26 12:11:02 2023
2023-12-26 12:11:04,241 - INFO - Current time: Tue Dec 26 12:11:04 2023
2023-12-26 12:11:06,254 - INFO - Current time: Tue Dec 26 12:11:06 2023
2023-12-26 12:11:08,256 - INFO - Current time: Tue Dec 26 12:11:08 2023
2023-12-26 12:11:10,258 - INFO - Current time: Tue Dec 26 12:11:10 2023
2023-12-26 12:11:20,893 - INFO - Current time: Tue Dec 26 12:11:20 2023
2023-12-26 12:11:22,897 - INFO - Current time: Tue Dec 26 12:11:22 2023
2023-12-26 12:11:24,899 - INFO - Current time: Tue Dec 26 12:11:24 2023
2023-12-26 12:11:26,900 - INFO - Current time: Tue Dec 26 12:11:26 2023
2023-12-26 12:11:28,901 - INFO - Current time: Tue Dec 26 12:11:28 2023
2023-12-26 12:11:30,905 - INFO - Current time: Tue Dec 26 12:11:30 2023
2023-12-26 14:12:31,439 - INFO - Current time: Tue Dec 26 14:12:31 2023
2023-12-26 14:12:33,444 - INFO - Current time: Tue Dec 26 14:12:33 2023
